// Jest Snapshot v1, https://goo.gl/fbAQLP

exports[`SoupRepository CreateSummary 1`] = `
Object {
  "AWDS": 0,
  "E4": 0,
  "EX": 0,
  "I": 0,
  "IX": 0,
  "IXE": 0,
  "O": 0,
  "OI": 0,
  "OIE": 0,
}
`;

exports[`SoupRepository LookAtDiagonal 1`] = `
Object {
  "E4": 1,
  "EX": 1,
  "IX": 2,
  "OI": 1,
  "OIE": 1,
  "PALABRASUPERGRANDE": 0,
}
`;

exports[`SoupRepository LookToTheRight 1`] = `
Object {
  "EX": 2,
  "EXE": 1,
  "IE": 1,
  "II": 1,
  "IIX4": 1,
  "OI": 1,
  "OIE": 1,
  "PALABRASUPERGRANDE": 0,
  "X4": 1,
  "XE": 1,
}
`;

exports[`SoupRepository LookUpOneLetterWords 1`] = `
Object {
  "1": 0,
  "2": 0,
  "3": 0,
  "4": 1,
  "E": 5,
  "F": 0,
  "I": 3,
  "K": 0,
  "O": 1,
  "P": 0,
  "X": 3,
}
`;
